{"tela":"TelaAdministrador","acao":"buscarUsuarios","tipoRelatorio":null,"tempoRespostaMs":2048,"usuario":"simulacao","timestamp":"2025-10-23T17:34:23.956Z"}
{"tela":"TelaAdministrador","acao":"gerarRelatorio","tipoRelatorio":null,"tempoRespostaMs":1240,"usuario":"simulacao","timestamp":"2025-10-23T17:34:24.073Z"}
{"tela":"TelaAdministrador","acao":"buscarUsuarios","tipoRelatorio":null,"tempoRespostaMs":1896,"usuario":"simulacao","timestamp":"2025-10-23T17:34:24.080Z"}
{"tela":"TelaAdministrador","acao":"gerarRelatorio","tipoRelatorio":null,"tempoRespostaMs":1597,"usuario":"simulacao","timestamp":"2025-10-23T17:34:24.090Z"}
{"tela":"TelaAdministrador","acao":"buscarUsuarios","tipoRelatorio":null,"tempoRespostaMs":1009,"usuario":"simulacao","timestamp":"2025-10-23T17:34:24.100Z"}
{"tela":"TelaAdministrador","acao":"gerarRelatorio","tipoRelatorio":null,"tempoRespostaMs":346,"usuario":"simulacao","timestamp":"2025-10-23T17:34:24.110Z"}
{"tela":"TelaAdministrador","acao":"buscarUsuarios","tipoRelatorio":null,"tempoRespostaMs":820,"usuario":"simulacao","timestamp":"2025-10-23T17:34:24.120Z"}
{"tela":"TelaAdministrador","acao":"gerarRelatorio","tipoRelatorio":null,"tempoRespostaMs":1062,"usuario":"simulacao","timestamp":"2025-10-23T17:34:24.129Z"}
{"tela":"TelaAdministrador","acao":"buscarUsuarios","tipoRelatorio":null,"tempoRespostaMs":2216,"usuario":"simulacao","timestamp":"2025-10-23T17:34:24.141Z"}
{"tela":"TelaAdministrador","acao":"gerarRelatorio","tipoRelatorio":null,"tempoRespostaMs":421,"usuario":"simulacao","timestamp":"2025-10-23T17:34:24.154Z"}
{"tela":"TelaAdministrador","acao":"buscarUsuarios","tipoRelatorio":null,"tempoRespostaMs":2795,"usuario":"simulacao","timestamp":"2025-10-23T17:34:24.163Z"}
{"tela":"TelaAdministrador","acao":"gerarRelatorio","tipoRelatorio":null,"tempoRespostaMs":516,"usuario":"simulacao","timestamp":"2025-10-23T17:34:24.177Z"}
{"tela":"TelaAdministrador","acao":"buscarUsuarios","tipoRelatorio":null,"tempoRespostaMs":1732,"usuario":"simulacao","timestamp":"2025-10-23T17:34:24.185Z"}
{"tela":"TelaAdministrador","acao":"gerarRelatorio","tipoRelatorio":null,"tempoRespostaMs":789,"usuario":"simulacao","timestamp":"2025-10-23T17:34:24.195Z"}
{"tela":"TelaAdministrador","acao":"buscarUsuarios","tipoRelatorio":null,"tempoRespostaMs":335,"usuario":"simulacao","timestamp":"2025-10-23T17:34:24.206Z"}
{"tela":"TelaAdministrador","acao":"gerarRelatorio","tipoRelatorio":null,"tempoRespostaMs":2442,"usuario":"simulacao","timestamp":"2025-10-23T17:34:24.216Z"}
{"tela":"TelaAdministrador","acao":"buscarUsuarios","tipoRelatorio":null,"tempoRespostaMs":1277,"usuario":"simulacao","timestamp":"2025-10-23T17:34:24.228Z"}
{"tela":"TelaAdministrador","acao":"gerarRelatorio","tipoRelatorio":null,"tempoRespostaMs":1013,"usuario":"simulacao","timestamp":"2025-10-23T17:34:24.235Z"}
{"tela":"TelaAdministrador","acao":"buscarUsuarios","tipoRelatorio":null,"tempoRespostaMs":1667,"usuario":"simulacao","timestamp":"2025-10-23T17:34:24.245Z"}
{"tela":"TelaAdministrador","acao":"gerarRelatorio","tipoRelatorio":null,"tempoRespostaMs":1068,"usuario":"simulacao","timestamp":"2025-10-23T17:34:24.256Z"}
{"tela":"TelaAdministrador","acao":"buscarUsuarios","tipoRelatorio":null,"tempoRespostaMs":2318,"usuario":"simulacao","timestamp":"2025-10-23T17:34:24.267Z"}
{"tela":"TelaAdministrador","acao":"gerarRelatorio","tipoRelatorio":null,"tempoRespostaMs":1434,"usuario":"simulacao","timestamp":"2025-10-23T17:34:24.279Z"}
{"tela":"TelaAdministrador","acao":"buscarUsuarios","tipoRelatorio":null,"tempoRespostaMs":644,"usuario":"simulacao","timestamp":"2025-10-23T17:34:24.287Z"}
{"tela":"TelaAdministrador","acao":"gerarRelatorio","tipoRelatorio":null,"tempoRespostaMs":2703,"usuario":"simulacao","timestamp":"2025-10-23T17:34:24.297Z"}
{"tela":"TelaAdministrador","acao":"buscarUsuarios","tipoRelatorio":null,"tempoRespostaMs":2658,"usuario":"simulacao","timestamp":"2025-10-23T17:34:24.310Z"}
{"tela":"TelaAdministrador","acao":"gerarRelatorio","tipoRelatorio":null,"tempoRespostaMs":464,"usuario":"simulacao","timestamp":"2025-10-23T17:34:24.320Z"}
{"tela":"TelaAdministrador","acao":"buscarUsuarios","tipoRelatorio":null,"tempoRespostaMs":1349,"usuario":"simulacao","timestamp":"2025-10-23T17:34:24.329Z"}
{"tela":"TelaAdministrador","acao":"gerarRelatorio","tipoRelatorio":null,"tempoRespostaMs":2410,"usuario":"simulacao","timestamp":"2025-10-23T17:34:24.340Z"}
{"tela":"TelaAdministrador","acao":"buscarUsuarios","tipoRelatorio":null,"tempoRespostaMs":1508,"usuario":"simulacao","timestamp":"2025-10-23T17:34:24.353Z"}
{"tela":"TelaAdministrador","acao":"gerarRelatorio","tipoRelatorio":null,"tempoRespostaMs":232,"usuario":"simulacao","timestamp":"2025-10-23T17:34:24.362Z"}
{"tela":"TelaAdministrador","acao":"buscarUsuarios","tipoRelatorio":null,"tempoRespostaMs":2037,"usuario":"simulacao","timestamp":"2025-10-23T17:34:24.372Z"}
{"tela":"TelaAdministrador","acao":"gerarRelatorio","tipoRelatorio":null,"tempoRespostaMs":570,"usuario":"simulacao","timestamp":"2025-10-23T17:34:24.384Z"}
{"tela":"TelaAdministrador","acao":"buscarUsuarios","tipoRelatorio":null,"tempoRespostaMs":1633,"usuario":"simulacao","timestamp":"2025-10-23T17:34:24.394Z"}
{"tela":"TelaAdministrador","acao":"gerarRelatorio","tipoRelatorio":null,"tempoRespostaMs":905,"usuario":"simulacao","timestamp":"2025-10-23T17:34:24.405Z"}
{"tela":"TelaAdministrador","acao":"buscarUsuarios","tipoRelatorio":null,"tempoRespostaMs":287,"usuario":"simulacao","timestamp":"2025-10-23T17:34:24.414Z"}
{"tela":"TelaAdministrador","acao":"gerarRelatorio","tipoRelatorio":null,"tempoRespostaMs":158,"usuario":"simulacao","timestamp":"2025-10-23T17:34:24.424Z"}
{"tela":"TelaAdministrador","acao":"buscarUsuarios","tipoRelatorio":null,"tempoRespostaMs":2530,"usuario":"simulacao","timestamp":"2025-10-23T17:34:24.435Z"}
{"tela":"TelaAdministrador","acao":"gerarRelatorio","tipoRelatorio":null,"tempoRespostaMs":2438,"usuario":"simulacao","timestamp":"2025-10-23T17:34:24.447Z"}
{"tela":"TelaAdministrador","acao":"buscarUsuarios","tipoRelatorio":null,"tempoRespostaMs":1369,"usuario":"simulacao","timestamp":"2025-10-23T17:34:24.458Z"}
{"tela":"TelaAdministrador","acao":"gerarRelatorio","tipoRelatorio":null,"tempoRespostaMs":813,"usuario":"simulacao","timestamp":"2025-10-23T17:34:24.467Z"}
{"tela":"TelaAdministrador","acao":"buscarUsuarios","tipoRelatorio":null,"tempoRespostaMs":1986,"usuario":"simulacao","timestamp":"2025-10-23T17:34:24.477Z"}
{"tela":"TelaAdministrador","acao":"gerarRelatorio","tipoRelatorio":null,"tempoRespostaMs":2697,"usuario":"simulacao","timestamp":"2025-10-23T17:34:24.486Z"}
{"tela":"TelaAdministrador","acao":"buscarUsuarios","tipoRelatorio":null,"tempoRespostaMs":1071,"usuario":"simulacao","timestamp":"2025-10-23T17:34:24.499Z"}
{"tela":"TelaAdministrador","acao":"gerarRelatorio","tipoRelatorio":null,"tempoRespostaMs":2191,"usuario":"simulacao","timestamp":"2025-10-23T17:34:24.507Z"}
{"tela":"TelaAdministrador","acao":"buscarUsuarios","tipoRelatorio":null,"tempoRespostaMs":270,"usuario":"simulacao","timestamp":"2025-10-23T17:34:24.520Z"}
{"tela":"TelaAdministrador","acao":"gerarRelatorio","tipoRelatorio":null,"tempoRespostaMs":1263,"usuario":"simulacao","timestamp":"2025-10-23T17:34:24.528Z"}
{"tela":"TelaAdministrador","acao":"buscarUsuarios","tipoRelatorio":null,"tempoRespostaMs":1087,"usuario":"simulacao","timestamp":"2025-10-23T17:34:24.539Z"}
{"tela":"TelaAdministrador","acao":"gerarRelatorio","tipoRelatorio":null,"tempoRespostaMs":2448,"usuario":"simulacao","timestamp":"2025-10-23T17:34:24.549Z"}
{"tela":"TelaAdministrador","acao":"buscarUsuarios","tipoRelatorio":null,"tempoRespostaMs":2316,"usuario":"simulacao","timestamp":"2025-10-23T17:34:24.561Z"}
{"tela":"TelaAdministrador","acao":"gerarRelatorio","tipoRelatorio":null,"tempoRespostaMs":2299,"usuario":"simulacao","timestamp":"2025-10-23T17:34:24.572Z"}
{"tela":"TelaAdministrador","acao":"buscarUsuarios","tipoRelatorio":null,"tempoRespostaMs":31.200000000186265,"usuario":2,"timestamp":"2025-10-23T17:42:18.628Z"}
{"tela":"TelaAdministrador","acao":"gerarRelatorio","tipoRelatorio":"presenca","tempoRespostaMs":104.5,"usuario":2,"timestamp":"2025-10-23T17:42:21.506Z"}
{"tela":"TelaAdministrador","acao":"buscarUsuarios","tipoRelatorio":null,"tempoRespostaMs":35.299999999813735,"usuario":2,"timestamp":"2025-10-23T17:47:46.456Z"}
{"tela":"TelaAdministrador","acao":"buscarUsuarios","tipoRelatorio":null,"tempoRespostaMs":27.700000000186265,"usuario":1,"timestamp":"2025-10-23T18:12:26.602Z"}
{"tela":"TelaAdministrador","acao":"buscarUsuarios","tipoRelatorio":null,"tempoRespostaMs":24.899999999441206,"usuario":1,"timestamp":"2025-10-23T18:13:01.002Z"}
{"tela":"TelaAdministrador","acao":"buscarUsuarios","tipoRelatorio":null,"tempoRespostaMs":26.399999999441206,"usuario":1,"timestamp":"2025-10-23T18:13:28.600Z"}
{"tela":"TelaAdministrador","acao":"buscarUsuarios","tipoRelatorio":null,"tempoRespostaMs":20,"usuario":1,"timestamp":"2025-10-23T18:13:58.224Z"}
{"tela":"TelaAdministrador","acao":"buscarUsuarios","tipoRelatorio":null,"tempoRespostaMs":27.59999999962747,"usuario":1,"timestamp":"2025-10-23T18:14:23.987Z"}
{"tela":"TelaAdministrador","acao":"buscarUsuarios","tipoRelatorio":null,"tempoRespostaMs":20,"usuario":1,"timestamp":"2025-10-23T18:15:09.347Z"}
{"tela":"TelaAdministrador","acao":"gerarRelatorio","tipoRelatorio":"lista","tempoRespostaMs":98.29999995231628,"usuario":1,"timestamp":"2025-10-27T12:58:54.833Z"}
{"tela":"TelaAdministrador","acao":"buscarUsuarios","tipoRelatorio":null,"tempoRespostaMs":25.80000001192093,"usuario":1,"timestamp":"2025-10-27T12:59:20.775Z"}
{"tela":"TelaAdministrador","acao":"buscarUsuarios","tipoRelatorio":null,"tempoRespostaMs":18.200000047683716,"usuario":1,"timestamp":"2025-10-27T13:01:24.934Z"}
{"tela":"TelaAdministrador","acao":"gerarRelatorio","tipoRelatorio":"lista","tempoRespostaMs":30.80000001192093,"usuario":1,"timestamp":"2025-10-27T13:02:51.437Z"}
{"tela":"TelaAdministrador","acao":"gerarRelatorio","tipoRelatorio":"presenca","tempoRespostaMs":26.69999998807907,"usuario":1,"timestamp":"2025-10-27T13:02:56.357Z"}
{"tela":"TelaAdministrador","acao":"gerarRelatorio","tipoRelatorio":"beneficios","tempoRespostaMs":18.5,"usuario":1,"timestamp":"2025-10-27T13:02:59.329Z"}
{"tela":"TelaAdministrador","acao":"gerarRelatorio","tipoRelatorio":"beneficios","tempoRespostaMs":38,"usuario":1,"timestamp":"2025-10-27T13:03:03.187Z"}
{"tela":"TelaAdministrador","acao":"gerarRelatorio","tipoRelatorio":"presenca","tempoRespostaMs":19.100000023841858,"usuario":1,"timestamp":"2025-10-27T13:03:05.488Z"}
{"tela":"TelaAdministrador","acao":"gerarRelatorio","tipoRelatorio":"lista","tempoRespostaMs":16.400000035762787,"usuario":1,"timestamp":"2025-10-27T13:03:07.594Z"}
{"tela":"TelaAdministrador","acao":"buscarUsuarios","tipoRelatorio":null,"tempoRespostaMs":25.700000047683716,"usuario":1,"timestamp":"2025-10-27T13:03:12.071Z"}
{"tela":"TelaAdministrador","acao":"gerarRelatorio","tipoRelatorio":"lista","tempoRespostaMs":22.200000047683716,"usuario":1,"timestamp":"2025-10-27T13:03:18.904Z"}
{"tela":"TelaAdministrador","acao":"buscarUsuarios","tipoRelatorio":null,"tempoRespostaMs":16.599999964237213,"usuario":1,"timestamp":"2025-10-27T13:03:21.249Z"}
{"tela":"TelaAdministrador","acao":"buscarUsuarios","tipoRelatorio":null,"tempoRespostaMs":50.09999996423721,"usuario":1,"timestamp":"2025-10-27T13:03:56.087Z"}
{"tela":"TelaAdministrador","acao":"buscarUsuarios","tipoRelatorio":null,"tempoRespostaMs":5.300000011920929,"usuario":1,"timestamp":"2025-10-27T13:04:00.852Z"}
{"tela":"TelaAdministrador","acao":"buscarUsuarios","tipoRelatorio":null,"tempoRespostaMs":29.19999998807907,"usuario":1,"timestamp":"2025-10-27T13:16:47.201Z"}
